# skene.info žanriklassifikaatori raport — 2026-08-07

## Kokkuvõte failide kaupa
- www: kokku 169 kirjet, vaates 120
- rap: kokku 17 kirjet, vaates 10
- klubi: kokku 81 kirjet, vaates 65

## KONFLIKTID (15)
- [www] 2026-10-16 "Wardruna" → praegu **www**, soovitus **klubi**
    - Wardruna: ambient, folk, celtic, folk metal, neofolk, scandinavian, international, medieval
- [www] 2026-08-26 "Paavli.Live: Volodja Brodsky" → praegu **www**, soovitus **rap**
    - Volodja Brodsky: psychedelic, jazz, piano, instrumental, vibraphone, composer, experimental, try
- [www] 2026-09-26 "Evestus – Ampest" → praegu **www**, soovitus **klubi**
    - Evestus: industrial, electronic, industrial rock
- [www] 2026-08-10 "Kevin ja Kõrp (viimane) + Thousand Hands" → praegu **www**, soovitus **rap**
    - Kevin: pop, rap, hip-hop, dutch
- [rap] 2026-08-08 "PÄDA «Ma ei maga» albumiesitlus" → praegu **rap**, soovitus **www**
    - Ruudi Spits: punk rock, punk
- [rap] 2026-08-19 "CHECK ONE TWO" → praegu **rap**, soovitus **klubi**
    - DJ Quest: breakbeat, breaks, nu skool breaks
- [klubi] 2026-08-08 "Sub û Dub: Priori (CA)" → praegu **klubi**, soovitus **www**
    - Dharma Doom: hardcore, punk, hardcore punk, crust punk, d-beat, crust, crustcore, d beat
- [klubi] 2026-08-21 "TRIPLOOP invites Kai Galactic (JP)" → praegu **klubi**, soovitus **www**
    - Kai Galactic: rock, funk, jam band, acid jazz, jazz-funk, hip hop rnb and dance hall
    - Brenna Ryan: rock, alternative rock, american, singer-songwriter, indie rock, country, folk rock, americana
- [klubi] 2026-08-07 "TRESKI FEST 2026" → praegu **klubi**, soovitus **www**
    - A-rühm: estonian, hip hop
    - Dj Breleri: noise, ambient, experimental, sampling, calming, vaporwave, broken transmission, signalwave
    - Planeet: drum and bass, dubstep
    - nublu: estonian, jazz, rap, hip hop
    - Arg Part: funk, rock, funk rock, jazz
    - Koer: punk, alternative, estonian, electronic
    - KRŸS: german, black metal, german black metal
- [klubi] 2026-08-08 "FEDO (Tripsy/Samm) @ Tšungel" → praegu **klubi**, soovitus **www**
    - Fedo: house, minimal
    - Ainar: dancecore
    - Iowa: indie, pop, female vocalists, indie rock, russian, belarus, belarusian
- [klubi] 2026-11-06 "Laine Klubiöö: mi-el (UK)" → praegu **klubi**, soovitus **www**
    - mi-el: rock, blues, latin
- [klubi] 2026-08-07 "ERØS INVITES: SECRET RAVE 3" → praegu **klubi**, soovitus **www**
    - ERØS: rock, pop, italian, ballad, soft rock, adult contemporary, latin pop, italian pop
    - CRYPTIC: death metal
    - KRULL: death metal, hard rock, metal, rock
- [klubi] 2026-08-14 "Psÿdja: OPEN AIR" → praegu **klubi**, soovitus **www**
    - MINERVA: nu metal, alternative metal, nu-metal, progressive metal
    - AMANITA: progressive rock, post-rock, metalcore
- [klubi] 2026-08-06 "klmn @ Tšungel" → praegu **klubi**, soovitus **rap**
    - klmn: estonia, hip hop
- [klubi] 2026-08-08 "glitter" → praegu **klubi**, soovitus **www**
    - Jassa: black metal

## EBASELGED (69)
- A-Rühm: hiphop
- A.A Williams: soundtrack, classical, jazz, american, orchestral, game, conductor, video game
- ALIKA: reggae, dancehall, estonian, estonia, argentina, latin reggae
- Antsud: estonian, folk, estonia
- Antti Paalanen: accordion, folk, finnish, finland
- Arottenbit: chiptune
- Around the Sun: estonian estonia, estonia
- Artur Lääts: estonia
- Charch: georgia
- Chillin: reggaeton, latin urban
- Clicherik & Mäx: estonia, pop, estonian, eesti laul 2026
- Coverage: noise
- Curly Strings: estonian, folk
- DSA: medieval, symphonic, atmosphere
- Daniel Levi: pop, french, estonia, french pop
- Denis Punch: k-pop, alternative r&b
- Duo Ruut: folk, estonian
- Elizabete Balčus: latvian, dream pop, singer-songwriter, art pop, indie folk
- Fool: grime, electronic, denmark
- Freakangel: aggrotech, industrial metal
- Front Line Assembly: electronic, industrial, industrial rock, industrial metal, metal, ebm, electronica, breakbeat
- Gram-Of-Fun: estonian, eurovision song contest, eurovision, esc, estonia, estonian female vocalists, eesti laul, europe 2022
- Gregor Kulla: composer
- Haldi & ans Flamingo: disco, funk, eesti, estonian
- Henessi Schmidt: composer, austrian composer, classical
- Hicham: world, love, africa, world music, morocco, rai, amor, maghreb
- Iberi: ethnic, folk, male vocalists, georgian, funk_add_to_lidarr_batch_12
- Inga: female vocalists, singer-songwriter, ye-ye, folk
- Jazz Sabbath: jazz
- Karmid Torud: eesti
- Katja Adrikova: estonia
- Koikson_Tärn_Mölder: singer
- Korjus: soprano
- Kukerpillid: estonian, folk, country
- La Fazani: kosovo, folk
- Legendaarne Raadio residendid: latvian
- Maria Faust: jazz, free jazz, estonian, saxophone
- Martin Dupont: gothic, 1980s, electronic, rock, french, goth, minimal synth, minimal wave
- Master Boot Record: electronic, industrial metal, metal, electro-industrial, awesome, chiptune, electronic metal, synthwave
- Meelis Vili: estonia
- Meisterjaan: estonian, psychedelic, jaw harp
- Micaela Saraceno: estonia
- NEXUS: progressive rock, psytrance, trance, progressive metal
- Nora: pop, ballad, opm
- PHANTASIA: new beat, psychedelic rock, techno, psychedelic, rave
- PX Band: indie pop, power pop, estonian
- Permanent Blue: pop, british, uk, english, boy band, pop and chart, contemporary r&b
- Phlox: free jazz, jazz, experimental, fusion
- Puuluup: folk, estonian, estonia
- Qotid: estonian, estonia
- Routine (UA/DE): japanese, j-pop, likedis auto
- SADU: estonian, estonia
- Soda Effect: grunge
- Sudden Lights: latvian, indie, eurovision, alternative
- Svet Nureka: art rock, electronic, dark wave, synth-pop
- Säm: vocal, soul, gospel, southern soul, vocal jazz, rhythm and blues, soul and reggae, pop soul
- Tanel Mütt: estonia
- Tarmo Johannes: classical, german, german composer, production music, composer, romantic, european, symphony
- The Ocean: pop, british, uk, soul, disco, dance-pop, adult contemporary, english
- Vigri: icelandic
- Wataru Yoshimoto: what?
- YASMYN: estonia, rnb, urban, estonian
- Yung Singh: live-2
- Zakroyyy: latvian
- hubris.: post-rock, ambient, instrumental
- kiwanoid: experimental, electro, estonian, electropunk
- margiiela: estonian
- maria kallastu: eesti, estonian, mother, estonia
- no-a: special purpose artist, fixme, bogus artist, meta artist, non-music, nature, bogus, nature sounds

## TUNDMATUD (201)
4-got-10, 5Loops, AN3, AURORÆ LUMA, Aleksander Silvese koosseis, Ampest, Amplituud, Arankai, Aresto, Artzoy, Atentaat, Avemaria, Baba Sy, Bamba, Bashment FM DJd, Beatrix, Beebilõust, Blasha & Allatt, Blisterous, Bloodfeather, Boipepperoni, Brett Rästas, Bro Checks, Burial Moon, CLUB RATS, Caliber Orders, Camelcase, Cottonmoth, Cunt Terrorist, Cärol, DEFFER, DJ Kalev K, DON NUKI, Druz x Ra, EiK, Eldereater, Elukas, Embus, Enditian, Eva-Lotta Vunder & Madis Meister, Exanity, FAKIGN, Face Collector, Fern Flower, Fok Yee, H8BLST, HAINZ, Habur, Hammok, Hanf Kung, Harbinmoths, Hirmuvalitseja, Homebroke, Hot Kommunist, Huiabella Fantastica, Häire, Hävitus, Hüpnoos, Idiot Dance Music, Illusioon, Indren, Innerspell, Intrascendence, Jooseppro, Kad Viss Beidzas, Kalli Talonpoika & The Sunshine Band, Kantri Guidu Bänd, Kelson, Kiindumus, Kojamees & The GÄNG, Konfliktor, Koni, Konnahaldjas, Konsap, Korralagedus, Kosoc, Kulon, Kxster, Kässar, Kättemaksucuntor, Kõrp, Kõutsmees, L.Lukyann, L21, Laurine, Lennu, Loathfinder, Lotey, Lotte Jürjendal, Mad Dreams, Merely x Niko Demus (SE/FI), Metabora, Metruhaze, Mihkel Kuusk, Moonstruck, Mysty, Mörv, NEOONDREED, Narasanti, Nikolajev, Noizmakaz, Nyrok City, O'Morales, Odium Humani Generis, Ojelma, Opoku, Pagansarv, Pasaporteman, Patarei, Paul Cole & The Great Outdoors, Paul Lepasson, Pavliuk, Pedigree, Pihikamber, Pikkauch, Pitsa, Postiljon, Priori, Pronoias, Präänikud, PsycHolies, Pyfel, PÄDA, Päda, Pätt, QSLAP, Qslap, RLV Massive, Radixsort, Raev, Random Crashes, Reket, Robben Ford Trio, Romanss, Rästas, SASSBASS, SFISTIKATED, SHAMORGA, SKIZØ & benakanister, SKURM, SOUND2次元, Seanus, Sebateus, Selver, Shah Rud, Shakabrah!, Sibyl Vane, Sitalaps, Skoone, Softspot, Songs Of The Dead, Sournois, South of Savoy, State OFFF (NL/ZW), Stefania Boiko, Sten-Olle, Stepdog, Stresssystem, Subbwell, Sugar Rody, Suntrace, Säde Semper, Sõpruse Puiestee, Sümbioos, TECHNOVIKING TF, THEX, TNTC, Tarrvi Laamann, Teknarik, The Crosslegs, The Nocturnal Affair, Thousand Hands, Tiny Sequoia, Tramhaus, Triibupasta, Tut Toze, Typeline, Täielik Porno, Tõnu Tubli, UUU, Unai Trotti, Unholy Obscurity, Vanaheim, Veriora Raudvara, Vibunibu, Vispel, Võru, West Coast Swingaz, Wondering O, Zetod & Verska Naase, Zherbin, Ziegenhorn, Ziemienieki, adobeprincess, boipepperoni, halb päev, kaisuloom, klostriid, micaxsan, shbxsz, vasall club (laurel 2 & Luurel Varas)

